additional plugins config:
  1: |
    |-
      kubernetes:4248.vfa_9517757b_b_a_
      workflow-aggregator:596.v8c21c963d92d
      git:5.2.2
      configuration-as-code:1810.v9b_c30a_249a_4c
      kubernetes-credentials-provider
default config:
  1: |
    |-
      kubernetes:4248.vfa_9517757b_b_a_
      workflow-aggregator:596.v8c21c963d92d
      git:5.2.2
      configuration-as-code:1810.v9b_c30a_249a_4c
